Microchip MPLAB XC8 Compiler V3.00

Linker command line:

-W-3 \
  --edf=C:\Program Files\Microchip\xc8\v3.00\pic\dat\20241204225717_en.msgs \
  -cn -h+dist/default/production\PF.X.production.sym \
  --cmf=dist/default/production\PF.X.production.cmf -z -Q18F4550 \
  -oC:\Users\jarm3\AppData\Local\Temp\xcAstcg.\driver_tmp_3.o \
  --defsym=__MPLAB_BUILD=1 --fixupoverflow=error \
  -Mdist/default/production/PF.X.production.map \
  --md=C:\Users\jarm3\AppData\Local\Temp\xcAstcg.\driver_tmp_0.dat -E1 \
  -ver=XC8 Compiler -ACODE=04h-03F00h -ACONST=04h-03F00h \
  -ASMALLCONST=0800h-08FFhx55,03F00h-03F00h -AMEDIUMCONST=0800h-03F00h \
  -ACOMRAM=01h-05Fh -AABS1=00h-07FFh -ABIGRAM=01h-07FFh \
  -ARAM=060h-0FFh,0100h-01FFhx7 -ABANK0=060h-0FFh -ABANK1=0100h-01FFh \
  -ABANK2=0200h-02FFh -ABANK3=0300h-03FFh -ABANK4=0400h-04FFh \
  -ABANK5=0500h-05FFh -ABANK6=0600h-06FFh -ABANK7=0700h-07FFh \
  -ASFR=0F60h-0FFFh -ABIGSFR=0F60h-0FFFh -ACONFIG=0300000h-030000Dh \
  -AIDLOC=0200000h-0200007h -AEEDATA=0F00000h-0F000FFh -peeprom_data=EEDATA \
  -preset_vec=04h,intcode=ch,intcodelo=1ch,sivt_lo,sivt_hi=CODE \
  -ppowerup=CODE,init -pramtop=0800h -psmallconst=SMALLCONST \
  -pmediumconst=MEDIUMCONST -pconst=CONST -AFARRAM=00h-00h \
  -prdata=COMRAM,nvrram=COMRAM,nvbit=COMRAM,rbss=COMRAM,rbit=COMRAM \
  -pfarbss=FARRAM,fardata=FARRAM,nvFARRAM=FARRAM \
  -pintsave_regs=BIGRAM,bigbss=BIGRAM,bigdata=BIGRAM -pbss=RAM \
  -pidata=CODE,irdata=CODE,ibigdata=CODE,ifardata=CODE -prparam=COMRAM \
  C:\Users\jarm3\AppData\Local\Temp\xcAstcg.\driver_tmp_14.o \
  dist/default/production\PF.X.production.o 

Object code version is 3.11

Machine type is 18F4550



                Name                               Link     Load   Length Selector   Space Scale
C:\Users\jarm3\AppData\Local\Temp\xcAstcg.\driver_tmp_14.o
                idloc                            200000   200000        8        0       5
                config                           300000   300000        E        0       4
                init                               3EFC     3EFC        4     1F7E       0
                reset_vec                             4        4        4        2       0
dist/default/production\PF.X.production.o
                idloc                            200000   200000        8        0       5
                config                           300000   300000        E        0       4
                mediumconst                        3EA6     3EA6       56     1F53       0
                text26                             3222     3222       10     1911       0
                text25                             3274     3274       1C     193A       0
                text24                             3572     3572       72     1AB9       0
                text23                             32DE     32DE       32     196F       0
                text22                             321A     321A        8     190D       0
                text21                             3310     3310       32     1988       0
                text20                             3466     3466       4E     1A33       0
                text19                             3512     3512       60     1A89       0
                text18                             33AE     33AE       3A     19D7       0
                text17                             3232     3232       16     1919       0
                text16                             32B0     32B0       2E     1958       0
                text15                             3248     3248       16     1924       0
                text14                             325E     325E       16     192F       0
                text13                             34B4     34B4       5E     1A5A       0
                text12                             3872     3872       C2     1C39       0
                text11                             37C4     37C4       AE     1BE2       0
                text10                             3342     3342       34     19A1       0
                text9                              3218     3218        2     190C       0
                text8                              366E     366E       AA     1B37       0
                text7                              33E8     33E8       3C     19F4       0
                text6                              35E4     35E4       8A     1AF2       0
                text5                              3A5E     3A5E      13C     1D2F       0
                text4                              3718     3718       AC     1B8C       0
                text3                              3934     3934      12A     1C9A       0
                text2                              3424     3424       42     1A12       0
                text1                              3376     3376       38     19BB       0
                text0                              3B9A     3B9A      30C     1DCD       0
                cstackCOMRAM                          1        1       46        1       1
                cstackBANK0                          60       60       23       60       1
                bssBANK0                             83       83       22       60       1
                bssCOMRAM                            47       47        5        1       1
                cinit                              3290     3290       20     1948       0

TOTAL           Name                               Link     Load   Length     Space
        CLASS   CODE           
                init                               3EFC     3EFC        4         0
                reset_vec                             4        4        4         0
                text26                             3222     3222       10         0
                text25                             3274     3274       1C         0
                text24                             3572     3572       72         0
                text23                             32DE     32DE       32         0
                text22                             321A     321A        8         0
                text21                             3310     3310       32         0
                text20                             3466     3466       4E         0
                text19                             3512     3512       60         0
                text18                             33AE     33AE       3A         0
                text17                             3232     3232       16         0
                text16                             32B0     32B0       2E         0
                text15                             3248     3248       16         0
                text14                             325E     325E       16         0
                text13                             34B4     34B4       5E         0
                text12                             3872     3872       C2         0
                text11                             37C4     37C4       AE         0
                text10                             3342     3342       34         0
                text9                              3218     3218        2         0
                text8                              366E     366E       AA         0
                text7                              33E8     33E8       3C         0
                text6                              35E4     35E4       8A         0
                text5                              3A5E     3A5E      13C         0
                text4                              3718     3718       AC         0
                text3                              3934     3934      12A         0
                text2                              3424     3424       42         0
                text1                              3376     3376       38         0
                text0                              3B9A     3B9A      30C         0
                cinit                              3290     3290       20         0

        CLASS   CONST          

        CLASS   SMALLCONST     

        CLASS   MEDIUMCONST    
                mediumconst                        3EA6     3EA6       56         0

        CLASS   COMRAM         
                cstackCOMRAM                          1        1       46         1
                bssCOMRAM                            47       47        5         1

        CLASS   ABS1           

        CLASS   BIGRAM         

        CLASS   RAM            

        CLASS   BANK0          
                cstackBANK0                          60       60       23         1
                bssBANK0                             83       83       22         1

        CLASS   BANK1          

        CLASS   BANK2          

        CLASS   BANK3          

        CLASS   BANK4          

        CLASS   BANK5          

        CLASS   BANK6          

        CLASS   BANK7          

        CLASS   SFR            

        CLASS   BIGSFR         

        CLASS   CONFIG         
                config                           300000   300000        E         4

        CLASS   IDLOC          
                idloc                            200000   200000        8         5

        CLASS   EEDATA         

        CLASS   FARRAM         

        CLASS   HEAP           

        CLASS   STACK          



SEGMENTS        Name                           Load    Length   Top    Selector   Space  Class

                cstackCOMRAM                   000001  00004B  00004C         1       1  COMRAM  
                reset_vec                      000004  000004  000008         2       0  CODE    
                cstackBANK0                    000060  000045  0000A5        60       1  BANK0   
                text9                          003218  000002  00321A      190C       0  CODE    
                text22                         00321A  000008  003222      190D       0  CODE    
                text26                         003222  000010  003232      1911       0  CODE    
                text17                         003232  000016  003248      1919       0  CODE    
                text15                         003248  000016  00325E      1924       0  CODE    
                text14                         00325E  000016  003274      192F       0  CODE    
                text25                         003274  00001C  003290      193A       0  CODE    
                cinit                          003290  000020  0032B0      1948       0  CODE    
                text16                         0032B0  00002E  0032DE      1958       0  CODE    
                text23                         0032DE  000032  003310      196F       0  CODE    
                text21                         003310  000032  003342      1988       0  CODE    
                text10                         003342  000034  003376      19A1       0  CODE    
                text1                          003376  000038  0033AE      19BB       0  CODE    
                text18                         0033AE  00003A  0033E8      19D7       0  CODE    
                text7                          0033E8  00003C  003424      19F4       0  CODE    
                text2                          003424  000042  003466      1A12       0  CODE    
                text20                         003466  00004E  0034B4      1A33       0  CODE    
                text13                         0034B4  00005E  003512      1A5A       0  CODE    
                text19                         003512  000060  003572      1A89       0  CODE    
                text24                         003572  000072  0035E4      1AB9       0  CODE    
                text6                          0035E4  00008A  00366E      1AF2       0  CODE    
                text8                          00366E  0000AA  003718      1B37       0  CODE    
                text4                          003718  0000AC  0037C4      1B8C       0  CODE    
                text11                         0037C4  0000AE  003872      1BE2       0  CODE    
                text12                         003872  0000C2  003934      1C39       0  CODE    
                text3                          003934  00012A  003A5E      1C9A       0  CODE    
                text5                          003A5E  00013C  003B9A      1D2F       0  CODE    
                text0                          003B9A  00030C  003EA6      1DCD       0  CODE    
                mediumconst                    003EA6  000056  003EFC      1F53       0  MEDIUMCO
                init                           003EFC  000004  003F00      1F7E       0  CODE    


UNUSED ADDRESS RANGES

        Name                Unused          Largest block    Delta
        BANK0            0000A5-0000FF               5B
        BANK1            000100-0001FF              100
        BANK2            000200-0002FF              100
        BANK3            000300-0003FF              100
        BANK4            000400-0004FF              100
        BANK5            000500-0005FF              100
        BANK6            000600-0006FF              100
        BANK7            000700-0007FF              100
        BIGRAM           00004C-00005F               14
                         0000A5-0007FF              75B
        BIGSFR           000F60-000FFF               A0
        CODE             000008-003217             3210
                         003F00-003F00                1
        COMRAM           00004C-00005F               14
        CONST            000008-003217             3210
                         003F00-003F00                1
        EEDATA           F00000-F000FF              100
        FARRAM           000000-000000                1
        MEDIUMCONST      000800-003217             2A18
                         003F00-003F00                1
        RAM              0000A5-0007FF              100
        SFR              000F60-000FFF               A0
        SMALLCONST       000800-003217              100
                         003F00-003F00                1

                                  Symbol Table

?_Read_Temperature          cstackCOMRAM 000001
?___awdiv                   cstackCOMRAM 000001
?___awmod                   cstackCOMRAM 000001
?_abs                       cstackCOMRAM 000007
?_read_prec_or_width        cstackCOMRAM 000001
?_sprintf                   cstackCOMRAM 000031
?_vfprintf                  cstackCOMRAM 00002B
ENVIA_CHAR@aux              cstackCOMRAM 000003
ENVIA_CHAR@dato             cstackCOMRAM 000002
ENVIA_LCD_CMD@aux           cstackCOMRAM 000003
ENVIA_LCD_CMD@dato          cstackCOMRAM 000002
ENVIA_NIBBLE@dato           cstackCOMRAM 000001
ESCRIBE_MENSAJE@cadena      cstackCOMRAM 000004
ESCRIBE_MENSAJE@i           cstackCOMRAM 000009
ESCRIBE_MENSAJE@tam         cstackCOMRAM 000006
LEER_LCD@aux                cstackCOMRAM 000001
POS_CURSOR@columna          cstackCOMRAM 000004
POS_CURSOR@fila             cstackCOMRAM 000005
UART_Write@data             cstackCOMRAM 000001
UART_Write_Text@text        cstackCOMRAM 000002
_ADCON0                     (abs)        000FC2
_ADCON0bits                 (abs)        000FC2
_ADCON1                     (abs)        000FC1
_ADCON2                     (abs)        000FC0
_ADC_Init                   text26       003222
_ADRESH                     (abs)        000FC4
_ADRESL                     (abs)        000FC3
_BAUDCONbits                (abs)        000FB8
_BORRAR_LCD                 text22       00321A
_CCP1CON                    (abs)        000FBD
_CCP1CONbits                (abs)        000FBD
_CCPR1L                     (abs)        000FBE
_ENVIA_CHAR                 text21       003310
_ENVIA_LCD_CMD              text23       0032DE
_ENVIA_NIBBLE               text25       003274
_ESCRIBE_MENSAJE            text20       003466
_LATD                       (abs)        000F8C
_LATDbits                   (abs)        000F8C
_LATEbits                   (abs)        000F8D
_LCD_CONFIG                 text19       003512
_LEER_LCD                   text24       003572
_PIR1bits                   (abs)        000F9E
_PORTD                      (abs)        000F83
_POS_CURSOR                 text18       0033AE
_PR2                        (abs)        000FCB
_PWM_Init                   text17       003232
_RCREG                      (abs)        000FAE
_RCSTAbits                  (abs)        000FAB
_Read_Temperature           text16       0032B0
_SPBRG                      (abs)        000FAF
_T2CON                      (abs)        000FCA
_T2CONbits                  (abs)        000FCA
_TRISAbits                  (abs)        000F92
_TRISCbits                  (abs)        000F94
_TRISD                      (abs)        000F95
_TRISDbits                  (abs)        000F95
_TRISE                      (abs)        000F96
_TXREG                      (abs)        000FAD
_TXSTAbits                  (abs)        000FAC
_UART_Init                  text15       003248
_UART_Write                 text14       00325E
_UART_Write_Text            text13       0034B4
__HRAM                      (abs)        000000
__H__absolute__             __absolute__ 000000
__Habs1                     abs1         000000
__Hbank0                    bank0        000000
__Hbank1                    bank1        000000
__Hbank2                    bank2        000000
__Hbank3                    bank3        000000
__Hbank4                    bank4        000000
__Hbank5                    bank5        000000
__Hbank6                    bank6        000000
__Hbank7                    bank7        000000
__Hbigbss                   bigbss       000000
__Hbigdata                  bigdata      000000
__Hbigram                   bigram       000000
__Hbigsfr                   bigsfr       000000
__Hbss                      bss          000000
__HbssBANK0                 bssBANK0     000000
__HbssCOMRAM                bssCOMRAM    000000
__Hcinit                    cinit        000000
__Hclrtext                  clrtext      000000
__Hcomram                   comram       000000
__Hconfig                   config       30000E
__Hconst                    const        000000
__HcstackBANK0              cstackBANK0  000000
__HcstackCOMRAM             cstackCOMRAM 000000
__Hdata                     data         000000
__Heeprom_data              eeprom_data  000000
__Hfarbss                   farbss       000000
__Hfardata                  fardata      000000
__Hheap                     heap         000000
__Hibigdata                 ibigdata     000000
__Hidata                    idata        000000
__Hidloc                    idloc        200008
__Hifardata                 ifardata     000000
__Hinit                     init         003F00
__Hintcode                  intcode      00000C
__Hintcode_body             intcode_body 000000
__Hintcodelo                intcodelo    00001C
__Hintentry                 intentry     000000
__Hintret                   intret       000000
__Hintsave_regs             intsave_regs 000000
__Hirdata                   irdata       000000
__Hmediumconst              mediumconst  003EFC
__HnvFARRAM                 nvFARRAM     000000
__Hnvbit                    nvbit        000000
__Hnvrram                   nvrram       000000
__Hparam                    rparam       000000
__Hpowerup                  powerup      000000
__Hram                      ram          000000
__Hramtop                   ramtop       000800
__Hrbit                     rbit         000000
__Hrbss                     rbss         000000
__Hrdata                    rdata        000000
__Hreset_vec                reset_vec    000008
__Hrparam                   rparam       000000
__Hsfr                      sfr          000000
__Hsivt_hi                  sivt_hi      000000
__Hsivt_lo                  sivt_lo      00001C
__Hsmallconst               smallconst   000000
__Hspace_0                  (abs)        003F00
__Hspace_1                  (abs)        0000A5
__Hspace_2                  (abs)        000000
__Hspace_4                  (abs)        60000E
__Hstack                    stack        000000
__Hstruct                   struct       000000
__Htemp                     temp         000000
__Htext                     text         000000
__Htext0                    text0        000000
__Htext1                    text1        000000
__Htext10                   text10       000000
__Htext11                   text11       000000
__Htext12                   text12       000000
__Htext13                   text13       000000
__Htext14                   text14       000000
__Htext15                   text15       000000
__Htext16                   text16       000000
__Htext17                   text17       000000
__Htext18                   text18       000000
__Htext19                   text19       000000
__Htext2                    text2        000000
__Htext20                   text20       000000
__Htext21                   text21       000000
__Htext22                   text22       000000
__Htext23                   text23       000000
__Htext24                   text24       000000
__Htext25                   text25       000000
__Htext26                   text26       000000
__Htext3                    text3        000000
__Htext4                    text4        000000
__Htext5                    text5        000000
__Htext6                    text6        000000
__Htext7                    text7        000000
__Htext8                    text8        000000
__Htext9                    text9        000000
__LRAM                      (abs)        000001
__L__absolute__             __absolute__ 000000
__Labs1                     abs1         000000
__Lbank0                    bank0        000000
__Lbank1                    bank1        000000
__Lbank2                    bank2        000000
__Lbank3                    bank3        000000
__Lbank4                    bank4        000000
__Lbank5                    bank5        000000
__Lbank6                    bank6        000000
__Lbank7                    bank7        000000
__Lbigbss                   bigbss       000000
__Lbigdata                  bigdata      000000
__Lbigram                   bigram       000000
__Lbigsfr                   bigsfr       000000
__Lbss                      bss          000000
__LbssBANK0                 bssBANK0     000000
__LbssCOMRAM                bssCOMRAM    000000
__Lcinit                    cinit        000000
__Lclrtext                  clrtext      000000
__Lcomram                   comram       000000
__Lconfig                   config       000000
__Lconst                    const        000000
__LcstackBANK0              cstackBANK0  000000
__LcstackCOMRAM             cstackCOMRAM 000000
__Ldata                     data         000000
__Leeprom_data              eeprom_data  000000
__Lfarbss                   farbss       000000
__Lfardata                  fardata      000000
__Lheap                     heap         000000
__Libigdata                 ibigdata     000000
__Lidata                    idata        000000
__Lidloc                    idloc        000000
__Lifardata                 ifardata     000000
__Linit                     init         003EFC
__Lintcode                  intcode      00000C
__Lintcode_body             intcode_body 000000
__Lintcodelo                intcodelo    00001C
__Lintentry                 intentry     000000
__Lintret                   intret       000000
__Lintsave_regs             intsave_regs 000000
__Lirdata                   irdata       000000
__Lmediumconst              mediumconst  003EA6
__LnvFARRAM                 nvFARRAM     000000
__Lnvbit                    nvbit        000000
__Lnvrram                   nvrram       000000
__Lparam                    rparam       000000
__Lpowerup                  powerup      000000
__Lram                      ram          000000
__Lramtop                   ramtop       000800
__Lrbit                     rbit         000000
__Lrbss                     rbss         000000
__Lrdata                    rdata        000000
__Lreset_vec                reset_vec    000004
__Lrparam                   rparam       000000
__Lsfr                      sfr          000000
__Lsivt_hi                  sivt_hi      000000
__Lsivt_lo                  sivt_lo      00001C
__Lsmallconst               smallconst   000000
__Lspace_0                  (abs)        000000
__Lspace_1                  (abs)        000000
__Lspace_2                  (abs)        000000
__Lspace_4                  (abs)        000000
__Lstack                    stack        000000
__Lstruct                   struct       000000
__Ltemp                     temp         000000
__Ltext                     text         000000
__Ltext0                    text0        000000
__Ltext1                    text1        000000
__Ltext10                   text10       000000
__Ltext11                   text11       000000
__Ltext12                   text12       000000
__Ltext13                   text13       000000
__Ltext14                   text14       000000
__Ltext15                   text15       000000
__Ltext16                   text16       000000
__Ltext17                   text17       000000
__Ltext18                   text18       000000
__Ltext19                   text19       000000
__Ltext2                    text2        000000
__Ltext20                   text20       000000
__Ltext21                   text21       000000
__Ltext22                   text22       000000
__Ltext23                   text23       000000
__Ltext24                   text24       000000
__Ltext25                   text25       000000
__Ltext26                   text26       000000
__Ltext3                    text3        000000
__Ltext4                    text4        000000
__Ltext5                    text5        000000
__Ltext6                    text6        000000
__Ltext7                    text7        000000
__Ltext8                    text8        000000
__Ltext9                    text9        000000
__S0                        (abs)        003F00
__S1                        (abs)        0000A5
__S4                        (abs)        000000
__S5                        (abs)        000000
___awdiv                    text12       003872
___awdiv@counter            cstackCOMRAM 000005
___awdiv@dividend           cstackCOMRAM 000001
___awdiv@divisor            cstackCOMRAM 000003
___awdiv@quotient           cstackCOMRAM 000007
___awdiv@sign               cstackCOMRAM 000006
___awmod                    text11       0037C4
___awmod@counter            cstackCOMRAM 000005
___awmod@dividend           cstackCOMRAM 000001
___awmod@divisor            cstackCOMRAM 000003
___awmod@sign               cstackCOMRAM 000006
___heap_hi                  (abs)        000000
___heap_lo                  (abs)        000000
___inthi_sp                 stack        000000
___inthi_stack_hi           stack        000000
___inthi_stack_lo           stack        000000
___intlo_sp                 stack        000000
___intlo_stack_hi           stack        000000
___intlo_stack_lo           stack        000000
___param_bank               (abs)        000000
___rparam_used              (abs)        000001
___sp                       stack        000000
___stack_hi                 stack        000000
___stack_lo                 stack        000000
__accesstop                 (abs)        000060
__activetblptr              (abs)        000002
__end_of_ADC_Init           text26       003232
__end_of_BORRAR_LCD         text22       003222
__end_of_ENVIA_CHAR         text21       003342
__end_of_ENVIA_LCD_CMD      text23       003310
__end_of_ENVIA_NIBBLE       text25       003290
__end_of_ESCRIBE_MENSAJE    text20       0034B4
__end_of_LCD_CONFIG         text19       003572
__end_of_LEER_LCD           text24       0035E4
__end_of_POS_CURSOR         text18       0033E8
__end_of_PWM_Init           text17       003248
__end_of_Read_Temperature   text16       0032DE
__end_of_UART_Init          text15       00325E
__end_of_UART_Write         text14       003274
__end_of_UART_Write_Text    text13       003512
__end_of___awdiv            text12       003934
__end_of___awmod            text11       003872
__end_of__initialization    cinit        0032A6
__end_of_abs                text10       003376
__end_of_dtoa               text5        003B9A
__end_of_fputc              text8        003718
__end_of_fputs              text7        003424
__end_of_main               text0        003EA6
__end_of_pad                text6        00366E
__end_of_putch              text9        00321A
__end_of_read_prec_or_width text4        0037C4
__end_of_sprintf            text1        0033AE
__end_of_vfpfcnvrt          text3        003A5E
__end_of_vfprintf           text2        003466
__initialization            cinit        003290
__mediumconst               mediumconst  003EA6
__pbssBANK0                 bssBANK0     000083
__pbssCOMRAM                bssCOMRAM    000047
__pcinit                    cinit        003290
__pcstackBANK0              cstackBANK0  000060
__pcstackCOMRAM             cstackCOMRAM 000001
__pmediumconst              mediumconst  003EA6
__ptext0                    text0        003B9A
__ptext1                    text1        003376
__ptext10                   text10       003342
__ptext11                   text11       0037C4
__ptext12                   text12       003872
__ptext13                   text13       0034B4
__ptext14                   text14       00325E
__ptext15                   text15       003248
__ptext16                   text16       0032B0
__ptext17                   text17       003232
__ptext18                   text18       0033AE
__ptext19                   text19       003512
__ptext2                    text2        003424
__ptext20                   text20       003466
__ptext21                   text21       003310
__ptext22                   text22       00321A
__ptext23                   text23       0032DE
__ptext24                   text24       003572
__ptext25                   text25       003274
__ptext26                   text26       003222
__ptext3                    text3        003934
__ptext4                    text4        003718
__ptext5                    text5        003A5E
__ptext6                    text6        0035E4
__ptext7                    text7        0033E8
__ptext8                    text8        00366E
__ptext9                    text9        003218
__ramtop                    ramtop       000800
__smallconst                mediumconst  003EA6
_abs                        text10       003342
_dbuf                       bssBANK0     000085
_dtoa                       text5        003A5E
_dtoa$1251                  cstackCOMRAM 000018
_flags                      bssCOMRAM    00004B
_fputc                      text8        00366E
_fputs                      text7        0033E8
_main                       text0        003B9A
_main$655                   cstackBANK0  00007B
_manual_state               bssBANK0     000083
_override                   bssBANK0     000084
_pad                        text6        0035E4
_prec                       bssCOMRAM    000049
_putch                      text9        003218
_read_prec_or_width         text4        003718
_sprintf                    text1        003376
_vfpfcnvrt                  text3        003934
_vfprintf                   text2        003424
_width                      bssCOMRAM    000047
abs@a                       cstackCOMRAM 000007
dtoa@d                      cstackCOMRAM 000016
dtoa@fp                     cstackCOMRAM 000015
dtoa@i                      cstackCOMRAM 00001E
dtoa@p                      cstackCOMRAM 00001C
dtoa@s                      cstackCOMRAM 00001D
dtoa@w                      cstackCOMRAM 00001A
end_of_initialization       cinit        0032A6
fputc@c                     cstackCOMRAM 000001
fputc@fp                    cstackCOMRAM 000003
fputs@c                     cstackCOMRAM 00000B
fputs@fp                    cstackCOMRAM 00000A
fputs@i                     cstackCOMRAM 00000C
fputs@s                     cstackCOMRAM 000009
intlevel0                   text         000000
intlevel1                   text         000000
intlevel2                   text         000000
intlevel3                   text         000000
isa$std                     (abs)        000001
isa$xinst                   (abs)        000000
main@adc                    cstackBANK0  000079
main@cmd                    cstackBANK0  00007E
main@pwm                    cstackBANK0  00007D
main@t                      cstackBANK0  00007F
main@temp                   cstackBANK0  000081
main@temp_str               cstackBANK0  000074
main@uart_buf               cstackBANK0  000060
pad@buf                     cstackCOMRAM 00000F
pad@fp                      cstackCOMRAM 00000E
pad@i                       cstackCOMRAM 000013
pad@p                       cstackCOMRAM 000010
read_prec_or_width@ap       cstackCOMRAM 000002
read_prec_or_width@c        cstackCOMRAM 000005
read_prec_or_width@fmt      cstackCOMRAM 000001
read_prec_or_width@n        cstackCOMRAM 000006
sprintf@ap                  cstackCOMRAM 000036
sprintf@f                   cstackCOMRAM 000037
sprintf@fmt                 cstackCOMRAM 000032
sprintf@s                   cstackCOMRAM 000031
stackhi                     (abs)        000000
stacklo                     (abs)        000000
start                       init         003EFC
start_initialization        cinit        003290
vfpfcnvrt@ap                cstackCOMRAM 000022
vfpfcnvrt@convarg           cstackCOMRAM 000025
vfpfcnvrt@cp                cstackCOMRAM 000029
vfpfcnvrt@fmt               cstackCOMRAM 000021
vfpfcnvrt@fp                cstackCOMRAM 000020
vfprintf@ap                 cstackCOMRAM 00002E
vfprintf@cfmt               cstackCOMRAM 00002F
vfprintf@fmt                cstackCOMRAM 00002C
vfprintf@fp                 cstackCOMRAM 00002B


MODULE INFORMATION

Module		Function		Class		Link	Load	Size
C:\Program Files\Microchip\xc8\v3.00\pic\sources\c99\common\abs.c
		_abs           		CODE           	3342	0000	52

C:\Program Files\Microchip\xc8\v3.00\pic\sources\c99\common\abs.c estimated size: 52

C:\Program Files\Microchip\xc8\v3.00\pic\sources\c99\common\nf_fputc.c
		_fputc         		CODE           	366E	0000	170

C:\Program Files\Microchip\xc8\v3.00\pic\sources\c99\common\nf_fputc.c estimated size: 170

C:\Program Files\Microchip\xc8\v3.00\pic\sources\c99\common\nf_sprintf.c
		_sprintf       		CODE           	3376	0000	56

C:\Program Files\Microchip\xc8\v3.00\pic\sources\c99\common\nf_sprintf.c estimated size: 56

C:\Program Files\Microchip\xc8\v3.00\pic\sources\c99\common\awmod.c
		___awmod       		CODE           	37C4	0000	174

C:\Program Files\Microchip\xc8\v3.00\pic\sources\c99\common\awmod.c estimated size: 174

C:\Program Files\Microchip\xc8\v3.00\pic\sources\c99\common\putch.c
		_putch         		CODE           	3218	0000	2

C:\Program Files\Microchip\xc8\v3.00\pic\sources\c99\common\putch.c estimated size: 2

shared
		__initialization		CODE           	3290	0000	22

shared estimated size: 22

C:\Program Files\Microchip\xc8\v3.00\pic\sources\c99\common\nf_fputs.c
		_fputs         		CODE           	33E8	0000	60

C:\Program Files\Microchip\xc8\v3.00\pic\sources\c99\common\nf_fputs.c estimated size: 60

C:\Program Files\Microchip\xc8\v3.00\pic\sources\c99\common\awdiv.c
		___awdiv       		CODE           	3872	0000	194

C:\Program Files\Microchip\xc8\v3.00\pic\sources\c99\common\awdiv.c estimated size: 194

main.c
		_UART_Init     		CODE           	3248	0000	22
		_main          		CODE           	3B9A	0000	780
		_UART_Write_Text		CODE           	34B4	0000	94
		_Read_Temperature		CODE           	32B0	0000	46
		_UART_Write    		CODE           	325E	0000	22
		_PWM_Init      		CODE           	3232	0000	22
		_ADC_Init      		CODE           	3222	0000	16

main.c estimated size: 1002

C:\Program Files\Microchip\xc8\v3.00\pic\sources\c99\common\doprnt.c
		_read_prec_or_width		CODE           	3718	0000	172
		_vfpfcnvrt     		CODE           	3934	0000	298
		_pad           		CODE           	35E4	0000	138
		_dtoa          		CODE           	3A5E	0000	316
		_vfprintf      		CODE           	3424	0000	66

C:\Program Files\Microchip\xc8\v3.00\pic\sources\c99\common\doprnt.c estimated size: 990

LCD.c
		_ENVIA_NIBBLE  		CODE           	3274	0000	28
		_ENVIA_CHAR    		CODE           	3310	0000	50
		_POS_CURSOR    		CODE           	33AE	0000	58
		_ESCRIBE_MENSAJE		CODE           	3466	0000	78
		_ENVIA_LCD_CMD 		CODE           	32DE	0000	50
		_LCD_CONFIG    		CODE           	3512	0000	96
		_BORRAR_LCD    		CODE           	321A	0000	8
		_LEER_LCD      		CODE           	3572	0000	114

LCD.c estimated size: 482

